// Jest Snapshot v1, https://goo.gl/fbAQLP

exports[`PlannerPage should match snapshot 1`] = `
<div>
  Planner
</div>
`;
