// Jest Snapshot v1, https://goo.gl/fbAQLP

exports[`MealPage should match snapshot 1`] = `
<div>
  MealPage
</div>
`;
