// Jest Snapshot v1, https://goo.gl/fbAQLP

exports[`RecipesPage should match snapshot 1`] = `
<div>
  RecipesPage
</div>
`;
